define dso_local i32 @main() {
    %1 = sub i32 0, 1
    %2 = sub i32 0, %1
    %3 = sub i32 0, %2
    %4 = sub i32 0, %3
    %5 = sub i32 0, %4
    %6 = sub i32 0, %5
    %7 = sub i32 0, %6
    %8 = sub i32 0, %7
    %9 = sub i32 0, %8
    %10 = sub i32 0, %9
    %11 = add i32 1, %10
    ret i32 %11
}
