0
010
01001
0100100
010010010
01001001001
0100100100100
010010010010010
01001001001001001
0100100100100100100
010010010010010010010
